{
  "state": "/tf/notebooks/yunbo/DIRS/case1_writing/runs/remaining19_p_less_style_dirs_20260723/strict_dirs_goal_supervisor_state.json",
  "status": "monitoring_active_professional_campaigns",
  "tick": 1
}
{
  "state": "/tf/notebooks/yunbo/DIRS/case1_writing/runs/remaining19_p_less_style_dirs_20260723/strict_dirs_goal_supervisor_state.json",
  "status": "monitoring_active_professional_campaigns",
  "tick": 2
}
{
  "state": "/tf/notebooks/yunbo/DIRS/case1_writing/runs/remaining19_p_less_style_dirs_20260723/strict_dirs_goal_supervisor_state.json",
  "status": "monitoring_active_professional_campaigns",
  "tick": 3
}
{
  "state": "/tf/notebooks/yunbo/DIRS/case1_writing/runs/remaining19_p_less_style_dirs_20260723/strict_dirs_goal_supervisor_state.json",
  "status": "monitoring_active_professional_campaigns",
  "tick": 4
}
{
  "state": "/tf/notebooks/yunbo/DIRS/case1_writing/runs/remaining19_p_less_style_dirs_20260723/strict_dirs_goal_supervisor_state.json",
  "status": "monitoring_active_professional_campaigns",
  "tick": 5
}
{
  "state": "/tf/notebooks/yunbo/DIRS/case1_writing/runs/remaining19_p_less_style_dirs_20260723/strict_dirs_goal_supervisor_state.json",
  "status": "monitoring_active_professional_campaigns",
  "tick": 6
}
{
  "state": "/tf/notebooks/yunbo/DIRS/case1_writing/runs/remaining19_p_less_style_dirs_20260723/strict_dirs_goal_supervisor_state.json",
  "status": "monitoring_active_professional_campaigns",
  "tick": 7
}
{
  "state": "/tf/notebooks/yunbo/DIRS/case1_writing/runs/remaining19_p_less_style_dirs_20260723/strict_dirs_goal_supervisor_state.json",
  "status": "monitoring_active_professional_campaigns",
  "tick": 8
}
{
  "state": "/tf/notebooks/yunbo/DIRS/case1_writing/runs/remaining19_p_less_style_dirs_20260723/strict_dirs_goal_supervisor_state.json",
  "status": "monitoring_active_professional_campaigns",
  "tick": 9
}
{
  "state": "/tf/notebooks/yunbo/DIRS/case1_writing/runs/remaining19_p_less_style_dirs_20260723/strict_dirs_goal_supervisor_state.json",
  "status": "monitoring_active_professional_campaigns",
  "tick": 10
}
{
  "state": "/tf/notebooks/yunbo/DIRS/case1_writing/runs/remaining19_p_less_style_dirs_20260723/strict_dirs_goal_supervisor_state.json",
  "status": "monitoring_active_professional_campaigns",
  "tick": 11
}
{
  "state": "/tf/notebooks/yunbo/DIRS/case1_writing/runs/remaining19_p_less_style_dirs_20260723/strict_dirs_goal_supervisor_state.json",
  "status": "monitoring_active_professional_campaigns",
  "tick": 12
}
{
  "state": "/tf/notebooks/yunbo/DIRS/case1_writing/runs/remaining19_p_less_style_dirs_20260723/strict_dirs_goal_supervisor_state.json",
  "status": "monitoring_active_professional_campaigns",
  "tick": 13
}
{
  "state": "/tf/notebooks/yunbo/DIRS/case1_writing/runs/remaining19_p_less_style_dirs_20260723/strict_dirs_goal_supervisor_state.json",
  "status": "monitoring_active_professional_campaigns",
  "tick": 14
}
{
  "state": "/tf/notebooks/yunbo/DIRS/case1_writing/runs/remaining19_p_less_style_dirs_20260723/strict_dirs_goal_supervisor_state.json",
  "status": "monitoring_active_professional_campaigns",
  "tick": 15
}
{
  "state": "/tf/notebooks/yunbo/DIRS/case1_writing/runs/remaining19_p_less_style_dirs_20260723/strict_dirs_goal_supervisor_state.json",
  "status": "monitoring_active_professional_campaigns",
  "tick": 16
}
{
  "state": "/tf/notebooks/yunbo/DIRS/case1_writing/runs/remaining19_p_less_style_dirs_20260723/strict_dirs_goal_supervisor_state.json",
  "status": "monitoring_active_professional_campaigns",
  "tick": 17
}
{
  "state": "/tf/notebooks/yunbo/DIRS/case1_writing/runs/remaining19_p_less_style_dirs_20260723/strict_dirs_goal_supervisor_state.json",
  "status": "monitoring_active_professional_campaigns",
  "tick": 18
}
{
  "state": "/tf/notebooks/yunbo/DIRS/case1_writing/runs/remaining19_p_less_style_dirs_20260723/strict_dirs_goal_supervisor_state.json",
  "status": "monitoring_active_professional_campaigns",
  "tick": 19
}
{
  "state": "/tf/notebooks/yunbo/DIRS/case1_writing/runs/remaining19_p_less_style_dirs_20260723/strict_dirs_goal_supervisor_state.json",
  "status": "monitoring_active_professional_campaigns",
  "tick": 20
}
{
  "state": "/tf/notebooks/yunbo/DIRS/case1_writing/runs/remaining19_p_less_style_dirs_20260723/strict_dirs_goal_supervisor_state.json",
  "status": "monitoring_active_professional_campaigns",
  "tick": 21
}
{
  "state": "/tf/notebooks/yunbo/DIRS/case1_writing/runs/remaining19_p_less_style_dirs_20260723/strict_dirs_goal_supervisor_state.json",
  "status": "monitoring_active_professional_campaigns",
  "tick": 22
}
{
  "state": "/tf/notebooks/yunbo/DIRS/case1_writing/runs/remaining19_p_less_style_dirs_20260723/strict_dirs_goal_supervisor_state.json",
  "status": "monitoring_active_professional_campaigns",
  "tick": 23
}
{
  "state": "/tf/notebooks/yunbo/DIRS/case1_writing/runs/remaining19_p_less_style_dirs_20260723/strict_dirs_goal_supervisor_state.json",
  "status": "monitoring_active_professional_campaigns",
  "tick": 24
}
{
  "state": "/tf/notebooks/yunbo/DIRS/case1_writing/runs/remaining19_p_less_style_dirs_20260723/strict_dirs_goal_supervisor_state.json",
  "status": "monitoring_active_professional_campaigns",
  "tick": 25
}
{
  "state": "/tf/notebooks/yunbo/DIRS/case1_writing/runs/remaining19_p_less_style_dirs_20260723/strict_dirs_goal_supervisor_state.json",
  "status": "monitoring_active_professional_campaigns",
  "tick": 26
}
{
  "state": "/tf/notebooks/yunbo/DIRS/case1_writing/runs/remaining19_p_less_style_dirs_20260723/strict_dirs_goal_supervisor_state.json",
  "status": "monitoring_active_professional_campaigns",
  "tick": 27
}
{
  "state": "/tf/notebooks/yunbo/DIRS/case1_writing/runs/remaining19_p_less_style_dirs_20260723/strict_dirs_goal_supervisor_state.json",
  "status": "monitoring_active_professional_campaigns",
  "tick": 28
}
{
  "state": "/tf/notebooks/yunbo/DIRS/case1_writing/runs/remaining19_p_less_style_dirs_20260723/strict_dirs_goal_supervisor_state.json",
  "status": "monitoring_active_professional_campaigns",
  "tick": 29
}
{
  "state": "/tf/notebooks/yunbo/DIRS/case1_writing/runs/remaining19_p_less_style_dirs_20260723/strict_dirs_goal_supervisor_state.json",
  "status": "monitoring_active_professional_campaigns",
  "tick": 30
}
{
  "state": "/tf/notebooks/yunbo/DIRS/case1_writing/runs/remaining19_p_less_style_dirs_20260723/strict_dirs_goal_supervisor_state.json",
  "status": "monitoring_active_professional_campaigns",
  "tick": 31
}
{
  "state": "/tf/notebooks/yunbo/DIRS/case1_writing/runs/remaining19_p_less_style_dirs_20260723/strict_dirs_goal_supervisor_state.json",
  "status": "monitoring_active_professional_campaigns",
  "tick": 32
}
{
  "state": "/tf/notebooks/yunbo/DIRS/case1_writing/runs/remaining19_p_less_style_dirs_20260723/strict_dirs_goal_supervisor_state.json",
  "status": "monitoring_active_professional_campaigns",
  "tick": 33
}
{
  "state": "/tf/notebooks/yunbo/DIRS/case1_writing/runs/remaining19_p_less_style_dirs_20260723/strict_dirs_goal_supervisor_state.json",
  "status": "monitoring_active_professional_campaigns",
  "tick": 34
}
{
  "state": "/tf/notebooks/yunbo/DIRS/case1_writing/runs/remaining19_p_less_style_dirs_20260723/strict_dirs_goal_supervisor_state.json",
  "status": "monitoring_active_professional_campaigns",
  "tick": 35
}
{
  "state": "/tf/notebooks/yunbo/DIRS/case1_writing/runs/remaining19_p_less_style_dirs_20260723/strict_dirs_goal_supervisor_state.json",
  "status": "monitoring_active_professional_campaigns",
  "tick": 36
}
{
  "state": "/tf/notebooks/yunbo/DIRS/case1_writing/runs/remaining19_p_less_style_dirs_20260723/strict_dirs_goal_supervisor_state.json",
  "status": "monitoring_active_professional_campaigns",
  "tick": 37
}
{
  "state": "/tf/notebooks/yunbo/DIRS/case1_writing/runs/remaining19_p_less_style_dirs_20260723/strict_dirs_goal_supervisor_state.json",
  "status": "monitoring_active_professional_campaigns",
  "tick": 38
}
{
  "state": "/tf/notebooks/yunbo/DIRS/case1_writing/runs/remaining19_p_less_style_dirs_20260723/strict_dirs_goal_supervisor_state.json",
  "status": "monitoring_active_professional_campaigns",
  "tick": 39
}
{
  "state": "/tf/notebooks/yunbo/DIRS/case1_writing/runs/remaining19_p_less_style_dirs_20260723/strict_dirs_goal_supervisor_state.json",
  "status": "monitoring_active_professional_campaigns",
  "tick": 40
}
{
  "state": "/tf/notebooks/yunbo/DIRS/case1_writing/runs/remaining19_p_less_style_dirs_20260723/strict_dirs_goal_supervisor_state.json",
  "status": "monitoring_active_professional_campaigns",
  "tick": 41
}
{
  "state": "/tf/notebooks/yunbo/DIRS/case1_writing/runs/remaining19_p_less_style_dirs_20260723/strict_dirs_goal_supervisor_state.json",
  "status": "monitoring_active_professional_campaigns",
  "tick": 42
}
{
  "state": "/tf/notebooks/yunbo/DIRS/case1_writing/runs/remaining19_p_less_style_dirs_20260723/strict_dirs_goal_supervisor_state.json",
  "status": "monitoring_active_professional_campaigns",
  "tick": 43
}
{
  "state": "/tf/notebooks/yunbo/DIRS/case1_writing/runs/remaining19_p_less_style_dirs_20260723/strict_dirs_goal_supervisor_state.json",
  "status": "monitoring_active_professional_campaigns",
  "tick": 44
}
{
  "state": "/tf/notebooks/yunbo/DIRS/case1_writing/runs/remaining19_p_less_style_dirs_20260723/strict_dirs_goal_supervisor_state.json",
  "status": "monitoring_active_professional_campaigns",
  "tick": 45
}
{
  "state": "/tf/notebooks/yunbo/DIRS/case1_writing/runs/remaining19_p_less_style_dirs_20260723/strict_dirs_goal_supervisor_state.json",
  "status": "monitoring_active_professional_campaigns",
  "tick": 46
}
{
  "state": "/tf/notebooks/yunbo/DIRS/case1_writing/runs/remaining19_p_less_style_dirs_20260723/strict_dirs_goal_supervisor_state.json",
  "status": "monitoring_active_professional_campaigns",
  "tick": 47
}
{
  "state": "/tf/notebooks/yunbo/DIRS/case1_writing/runs/remaining19_p_less_style_dirs_20260723/strict_dirs_goal_supervisor_state.json",
  "status": "monitoring_active_professional_campaigns",
  "tick": 48
}
{
  "state": "/tf/notebooks/yunbo/DIRS/case1_writing/runs/remaining19_p_less_style_dirs_20260723/strict_dirs_goal_supervisor_state.json",
  "status": "monitoring_active_professional_campaigns",
  "tick": 49
}
{
  "state": "/tf/notebooks/yunbo/DIRS/case1_writing/runs/remaining19_p_less_style_dirs_20260723/strict_dirs_goal_supervisor_state.json",
  "status": "monitoring_active_professional_campaigns",
  "tick": 50
}
{
  "state": "/tf/notebooks/yunbo/DIRS/case1_writing/runs/remaining19_p_less_style_dirs_20260723/strict_dirs_goal_supervisor_state.json",
  "status": "monitoring_active_professional_campaigns",
  "tick": 51
}
{
  "state": "/tf/notebooks/yunbo/DIRS/case1_writing/runs/remaining19_p_less_style_dirs_20260723/strict_dirs_goal_supervisor_state.json",
  "status": "monitoring_active_professional_campaigns",
  "tick": 52
}
{
  "state": "/tf/notebooks/yunbo/DIRS/case1_writing/runs/remaining19_p_less_style_dirs_20260723/strict_dirs_goal_supervisor_state.json",
  "status": "monitoring_active_professional_campaigns",
  "tick": 53
}
{
  "state": "/tf/notebooks/yunbo/DIRS/case1_writing/runs/remaining19_p_less_style_dirs_20260723/strict_dirs_goal_supervisor_state.json",
  "status": "monitoring_active_professional_campaigns",
  "tick": 54
}
{
  "state": "/tf/notebooks/yunbo/DIRS/case1_writing/runs/remaining19_p_less_style_dirs_20260723/strict_dirs_goal_supervisor_state.json",
  "status": "monitoring_active_professional_campaigns",
  "tick": 55
}
{
  "state": "/tf/notebooks/yunbo/DIRS/case1_writing/runs/remaining19_p_less_style_dirs_20260723/strict_dirs_goal_supervisor_state.json",
  "status": "monitoring_active_professional_campaigns",
  "tick": 56
}
{
  "state": "/tf/notebooks/yunbo/DIRS/case1_writing/runs/remaining19_p_less_style_dirs_20260723/strict_dirs_goal_supervisor_state.json",
  "status": "monitoring_active_professional_campaigns",
  "tick": 57
}
{
  "state": "/tf/notebooks/yunbo/DIRS/case1_writing/runs/remaining19_p_less_style_dirs_20260723/strict_dirs_goal_supervisor_state.json",
  "status": "monitoring_active_professional_campaigns",
  "tick": 58
}
{
  "state": "/tf/notebooks/yunbo/DIRS/case1_writing/runs/remaining19_p_less_style_dirs_20260723/strict_dirs_goal_supervisor_state.json",
  "status": "monitoring_active_professional_campaigns",
  "tick": 59
}
{
  "state": "/tf/notebooks/yunbo/DIRS/case1_writing/runs/remaining19_p_less_style_dirs_20260723/strict_dirs_goal_supervisor_state.json",
  "status": "monitoring_active_professional_campaigns",
  "tick": 60
}
{
  "state": "/tf/notebooks/yunbo/DIRS/case1_writing/runs/remaining19_p_less_style_dirs_20260723/strict_dirs_goal_supervisor_state.json",
  "status": "monitoring_active_professional_campaigns",
  "tick": 61
}
{
  "state": "/tf/notebooks/yunbo/DIRS/case1_writing/runs/remaining19_p_less_style_dirs_20260723/strict_dirs_goal_supervisor_state.json",
  "status": "monitoring_active_professional_campaigns",
  "tick": 62
}
{
  "state": "/tf/notebooks/yunbo/DIRS/case1_writing/runs/remaining19_p_less_style_dirs_20260723/strict_dirs_goal_supervisor_state.json",
  "status": "monitoring_active_professional_campaigns",
  "tick": 63
}
{
  "state": "/tf/notebooks/yunbo/DIRS/case1_writing/runs/remaining19_p_less_style_dirs_20260723/strict_dirs_goal_supervisor_state.json",
  "status": "monitoring_active_professional_campaigns",
  "tick": 64
}
{
  "state": "/tf/notebooks/yunbo/DIRS/case1_writing/runs/remaining19_p_less_style_dirs_20260723/strict_dirs_goal_supervisor_state.json",
  "status": "monitoring_active_professional_campaigns",
  "tick": 65
}
{
  "state": "/tf/notebooks/yunbo/DIRS/case1_writing/runs/remaining19_p_less_style_dirs_20260723/strict_dirs_goal_supervisor_state.json",
  "status": "monitoring_active_professional_campaigns",
  "tick": 66
}
{
  "state": "/tf/notebooks/yunbo/DIRS/case1_writing/runs/remaining19_p_less_style_dirs_20260723/strict_dirs_goal_supervisor_state.json",
  "status": "monitoring_active_professional_campaigns",
  "tick": 67
}
{
  "state": "/tf/notebooks/yunbo/DIRS/case1_writing/runs/remaining19_p_less_style_dirs_20260723/strict_dirs_goal_supervisor_state.json",
  "status": "monitoring_active_professional_campaigns",
  "tick": 68
}
{
  "state": "/tf/notebooks/yunbo/DIRS/case1_writing/runs/remaining19_p_less_style_dirs_20260723/strict_dirs_goal_supervisor_state.json",
  "status": "monitoring_active_professional_campaigns",
  "tick": 69
}
{
  "state": "/tf/notebooks/yunbo/DIRS/case1_writing/runs/remaining19_p_less_style_dirs_20260723/strict_dirs_goal_supervisor_state.json",
  "status": "monitoring_active_professional_campaigns",
  "tick": 70
}
{
  "state": "/tf/notebooks/yunbo/DIRS/case1_writing/runs/remaining19_p_less_style_dirs_20260723/strict_dirs_goal_supervisor_state.json",
  "status": "monitoring_active_professional_campaigns",
  "tick": 71
}
{
  "state": "/tf/notebooks/yunbo/DIRS/case1_writing/runs/remaining19_p_less_style_dirs_20260723/strict_dirs_goal_supervisor_state.json",
  "status": "monitoring_active_professional_campaigns",
  "tick": 72
}
{
  "state": "/tf/notebooks/yunbo/DIRS/case1_writing/runs/remaining19_p_less_style_dirs_20260723/strict_dirs_goal_supervisor_state.json",
  "status": "monitoring_active_professional_campaigns",
  "tick": 73
}
{
  "state": "/tf/notebooks/yunbo/DIRS/case1_writing/runs/remaining19_p_less_style_dirs_20260723/strict_dirs_goal_supervisor_state.json",
  "status": "monitoring_active_professional_campaigns",
  "tick": 74
}
{
  "state": "/tf/notebooks/yunbo/DIRS/case1_writing/runs/remaining19_p_less_style_dirs_20260723/strict_dirs_goal_supervisor_state.json",
  "status": "monitoring_active_professional_campaigns",
  "tick": 75
}
{
  "state": "/tf/notebooks/yunbo/DIRS/case1_writing/runs/remaining19_p_less_style_dirs_20260723/strict_dirs_goal_supervisor_state.json",
  "status": "monitoring_active_professional_campaigns",
  "tick": 76
}
{
  "state": "/tf/notebooks/yunbo/DIRS/case1_writing/runs/remaining19_p_less_style_dirs_20260723/strict_dirs_goal_supervisor_state.json",
  "status": "monitoring_active_professional_campaigns",
  "tick": 77
}
{
  "state": "/tf/notebooks/yunbo/DIRS/case1_writing/runs/remaining19_p_less_style_dirs_20260723/strict_dirs_goal_supervisor_state.json",
  "status": "monitoring_active_professional_campaigns",
  "tick": 78
}
{
  "state": "/tf/notebooks/yunbo/DIRS/case1_writing/runs/remaining19_p_less_style_dirs_20260723/strict_dirs_goal_supervisor_state.json",
  "status": "monitoring_active_professional_campaigns",
  "tick": 79
}
{
  "state": "/tf/notebooks/yunbo/DIRS/case1_writing/runs/remaining19_p_less_style_dirs_20260723/strict_dirs_goal_supervisor_state.json",
  "status": "monitoring_active_professional_campaigns",
  "tick": 80
}
{
  "state": "/tf/notebooks/yunbo/DIRS/case1_writing/runs/remaining19_p_less_style_dirs_20260723/strict_dirs_goal_supervisor_state.json",
  "status": "monitoring_active_professional_campaigns",
  "tick": 81
}
{
  "state": "/tf/notebooks/yunbo/DIRS/case1_writing/runs/remaining19_p_less_style_dirs_20260723/strict_dirs_goal_supervisor_state.json",
  "status": "monitoring_active_professional_campaigns",
  "tick": 82
}
{
  "state": "/tf/notebooks/yunbo/DIRS/case1_writing/runs/remaining19_p_less_style_dirs_20260723/strict_dirs_goal_supervisor_state.json",
  "status": "monitoring_active_professional_campaigns",
  "tick": 83
}
{
  "state": "/tf/notebooks/yunbo/DIRS/case1_writing/runs/remaining19_p_less_style_dirs_20260723/strict_dirs_goal_supervisor_state.json",
  "status": "monitoring_active_professional_campaigns",
  "tick": 84
}
{
  "state": "/tf/notebooks/yunbo/DIRS/case1_writing/runs/remaining19_p_less_style_dirs_20260723/strict_dirs_goal_supervisor_state.json",
  "status": "monitoring_active_professional_campaigns",
  "tick": 85
}
{
  "state": "/tf/notebooks/yunbo/DIRS/case1_writing/runs/remaining19_p_less_style_dirs_20260723/strict_dirs_goal_supervisor_state.json",
  "status": "monitoring_active_professional_campaigns",
  "tick": 86
}
{
  "state": "/tf/notebooks/yunbo/DIRS/case1_writing/runs/remaining19_p_less_style_dirs_20260723/strict_dirs_goal_supervisor_state.json",
  "status": "monitoring_active_professional_campaigns",
  "tick": 87
}
{
  "state": "/tf/notebooks/yunbo/DIRS/case1_writing/runs/remaining19_p_less_style_dirs_20260723/strict_dirs_goal_supervisor_state.json",
  "status": "monitoring_active_professional_campaigns",
  "tick": 88
}
{
  "state": "/tf/notebooks/yunbo/DIRS/case1_writing/runs/remaining19_p_less_style_dirs_20260723/strict_dirs_goal_supervisor_state.json",
  "status": "monitoring_active_professional_campaigns",
  "tick": 89
}
{
  "state": "/tf/notebooks/yunbo/DIRS/case1_writing/runs/remaining19_p_less_style_dirs_20260723/strict_dirs_goal_supervisor_state.json",
  "status": "monitoring_active_professional_campaigns",
  "tick": 90
}
{
  "state": "/tf/notebooks/yunbo/DIRS/case1_writing/runs/remaining19_p_less_style_dirs_20260723/strict_dirs_goal_supervisor_state.json",
  "status": "monitoring_active_professional_campaigns",
  "tick": 91
}
{
  "state": "/tf/notebooks/yunbo/DIRS/case1_writing/runs/remaining19_p_less_style_dirs_20260723/strict_dirs_goal_supervisor_state.json",
  "status": "monitoring_active_professional_campaigns",
  "tick": 92
}
{
  "state": "/tf/notebooks/yunbo/DIRS/case1_writing/runs/remaining19_p_less_style_dirs_20260723/strict_dirs_goal_supervisor_state.json",
  "status": "monitoring_active_professional_campaigns",
  "tick": 93
}
{
  "state": "/tf/notebooks/yunbo/DIRS/case1_writing/runs/remaining19_p_less_style_dirs_20260723/strict_dirs_goal_supervisor_state.json",
  "status": "monitoring_active_professional_campaigns",
  "tick": 94
}
{
  "state": "/tf/notebooks/yunbo/DIRS/case1_writing/runs/remaining19_p_less_style_dirs_20260723/strict_dirs_goal_supervisor_state.json",
  "status": "monitoring_active_professional_campaigns",
  "tick": 95
}
{
  "state": "/tf/notebooks/yunbo/DIRS/case1_writing/runs/remaining19_p_less_style_dirs_20260723/strict_dirs_goal_supervisor_state.json",
  "status": "monitoring_active_professional_campaigns",
  "tick": 96
}
{
  "state": "/tf/notebooks/yunbo/DIRS/case1_writing/runs/remaining19_p_less_style_dirs_20260723/strict_dirs_goal_supervisor_state.json",
  "status": "monitoring_active_professional_campaigns",
  "tick": 97
}
{
  "state": "/tf/notebooks/yunbo/DIRS/case1_writing/runs/remaining19_p_less_style_dirs_20260723/strict_dirs_goal_supervisor_state.json",
  "status": "monitoring_active_professional_campaigns",
  "tick": 98
}
{
  "state": "/tf/notebooks/yunbo/DIRS/case1_writing/runs/remaining19_p_less_style_dirs_20260723/strict_dirs_goal_supervisor_state.json",
  "status": "monitoring_active_professional_campaigns",
  "tick": 99
}
{
  "state": "/tf/notebooks/yunbo/DIRS/case1_writing/runs/remaining19_p_less_style_dirs_20260723/strict_dirs_goal_supervisor_state.json",
  "status": "monitoring_active_professional_campaigns",
  "tick": 100
}
{
  "state": "/tf/notebooks/yunbo/DIRS/case1_writing/runs/remaining19_p_less_style_dirs_20260723/strict_dirs_goal_supervisor_state.json",
  "status": "monitoring_active_professional_campaigns",
  "tick": 101
}
{
  "state": "/tf/notebooks/yunbo/DIRS/case1_writing/runs/remaining19_p_less_style_dirs_20260723/strict_dirs_goal_supervisor_state.json",
  "status": "monitoring_active_professional_campaigns",
  "tick": 102
}
{
  "state": "/tf/notebooks/yunbo/DIRS/case1_writing/runs/remaining19_p_less_style_dirs_20260723/strict_dirs_goal_supervisor_state.json",
  "status": "monitoring_active_professional_campaigns",
  "tick": 103
}
{
  "state": "/tf/notebooks/yunbo/DIRS/case1_writing/runs/remaining19_p_less_style_dirs_20260723/strict_dirs_goal_supervisor_state.json",
  "status": "monitoring_active_professional_campaigns",
  "tick": 104
}
{
  "state": "/tf/notebooks/yunbo/DIRS/case1_writing/runs/remaining19_p_less_style_dirs_20260723/strict_dirs_goal_supervisor_state.json",
  "status": "monitoring_active_professional_campaigns",
  "tick": 105
}
{
  "state": "/tf/notebooks/yunbo/DIRS/case1_writing/runs/remaining19_p_less_style_dirs_20260723/strict_dirs_goal_supervisor_state.json",
  "status": "monitoring_active_professional_campaigns",
  "tick": 106
}
{
  "state": "/tf/notebooks/yunbo/DIRS/case1_writing/runs/remaining19_p_less_style_dirs_20260723/strict_dirs_goal_supervisor_state.json",
  "status": "monitoring_active_professional_campaigns",
  "tick": 107
}
{
  "state": "/tf/notebooks/yunbo/DIRS/case1_writing/runs/remaining19_p_less_style_dirs_20260723/strict_dirs_goal_supervisor_state.json",
  "status": "monitoring_active_professional_campaigns",
  "tick": 108
}
{
  "state": "/tf/notebooks/yunbo/DIRS/case1_writing/runs/remaining19_p_less_style_dirs_20260723/strict_dirs_goal_supervisor_state.json",
  "status": "monitoring_active_professional_campaigns",
  "tick": 109
}
{
  "state": "/tf/notebooks/yunbo/DIRS/case1_writing/runs/remaining19_p_less_style_dirs_20260723/strict_dirs_goal_supervisor_state.json",
  "status": "monitoring_active_professional_campaigns",
  "tick": 110
}
{
  "state": "/tf/notebooks/yunbo/DIRS/case1_writing/runs/remaining19_p_less_style_dirs_20260723/strict_dirs_goal_supervisor_state.json",
  "status": "monitoring_active_professional_campaigns",
  "tick": 111
}
{
  "state": "/tf/notebooks/yunbo/DIRS/case1_writing/runs/remaining19_p_less_style_dirs_20260723/strict_dirs_goal_supervisor_state.json",
  "status": "monitoring_active_professional_campaigns",
  "tick": 112
}
{
  "state": "/tf/notebooks/yunbo/DIRS/case1_writing/runs/remaining19_p_less_style_dirs_20260723/strict_dirs_goal_supervisor_state.json",
  "status": "monitoring_active_professional_campaigns",
  "tick": 113
}
{
  "state": "/tf/notebooks/yunbo/DIRS/case1_writing/runs/remaining19_p_less_style_dirs_20260723/strict_dirs_goal_supervisor_state.json",
  "status": "monitoring_active_professional_campaigns",
  "tick": 114
}
{
  "state": "/tf/notebooks/yunbo/DIRS/case1_writing/runs/remaining19_p_less_style_dirs_20260723/strict_dirs_goal_supervisor_state.json",
  "status": "monitoring_active_professional_campaigns",
  "tick": 115
}
{
  "state": "/tf/notebooks/yunbo/DIRS/case1_writing/runs/remaining19_p_less_style_dirs_20260723/strict_dirs_goal_supervisor_state.json",
  "status": "monitoring_active_professional_campaigns",
  "tick": 116
}
{
  "state": "/tf/notebooks/yunbo/DIRS/case1_writing/runs/remaining19_p_less_style_dirs_20260723/strict_dirs_goal_supervisor_state.json",
  "status": "monitoring_active_professional_campaigns",
  "tick": 117
}
{
  "state": "/tf/notebooks/yunbo/DIRS/case1_writing/runs/remaining19_p_less_style_dirs_20260723/strict_dirs_goal_supervisor_state.json",
  "status": "monitoring_active_professional_campaigns",
  "tick": 118
}
{
  "state": "/tf/notebooks/yunbo/DIRS/case1_writing/runs/remaining19_p_less_style_dirs_20260723/strict_dirs_goal_supervisor_state.json",
  "status": "monitoring_active_professional_campaigns",
  "tick": 119
}
{
  "state": "/tf/notebooks/yunbo/DIRS/case1_writing/runs/remaining19_p_less_style_dirs_20260723/strict_dirs_goal_supervisor_state.json",
  "status": "monitoring_active_professional_campaigns",
  "tick": 120
}
{
  "state": "/tf/notebooks/yunbo/DIRS/case1_writing/runs/remaining19_p_less_style_dirs_20260723/strict_dirs_goal_supervisor_state.json",
  "status": "monitoring_active_professional_campaigns",
  "tick": 121
}
{
  "state": "/tf/notebooks/yunbo/DIRS/case1_writing/runs/remaining19_p_less_style_dirs_20260723/strict_dirs_goal_supervisor_state.json",
  "status": "monitoring_active_professional_campaigns",
  "tick": 122
}
{
  "state": "/tf/notebooks/yunbo/DIRS/case1_writing/runs/remaining19_p_less_style_dirs_20260723/strict_dirs_goal_supervisor_state.json",
  "status": "monitoring_active_professional_campaigns",
  "tick": 123
}
{
  "state": "/tf/notebooks/yunbo/DIRS/case1_writing/runs/remaining19_p_less_style_dirs_20260723/strict_dirs_goal_supervisor_state.json",
  "status": "monitoring_active_professional_campaigns",
  "tick": 124
}
{
  "state": "/tf/notebooks/yunbo/DIRS/case1_writing/runs/remaining19_p_less_style_dirs_20260723/strict_dirs_goal_supervisor_state.json",
  "status": "monitoring_active_professional_campaigns",
  "tick": 125
}
{
  "state": "/tf/notebooks/yunbo/DIRS/case1_writing/runs/remaining19_p_less_style_dirs_20260723/strict_dirs_goal_supervisor_state.json",
  "status": "monitoring_active_professional_campaigns",
  "tick": 126
}
{
  "state": "/tf/notebooks/yunbo/DIRS/case1_writing/runs/remaining19_p_less_style_dirs_20260723/strict_dirs_goal_supervisor_state.json",
  "status": "monitoring_active_professional_campaigns",
  "tick": 127
}
{
  "state": "/tf/notebooks/yunbo/DIRS/case1_writing/runs/remaining19_p_less_style_dirs_20260723/strict_dirs_goal_supervisor_state.json",
  "status": "monitoring_active_professional_campaigns",
  "tick": 128
}
{
  "state": "/tf/notebooks/yunbo/DIRS/case1_writing/runs/remaining19_p_less_style_dirs_20260723/strict_dirs_goal_supervisor_state.json",
  "status": "monitoring_active_professional_campaigns",
  "tick": 129
}
{
  "state": "/tf/notebooks/yunbo/DIRS/case1_writing/runs/remaining19_p_less_style_dirs_20260723/strict_dirs_goal_supervisor_state.json",
  "status": "monitoring_active_professional_campaigns",
  "tick": 130
}
{
  "state": "/tf/notebooks/yunbo/DIRS/case1_writing/runs/remaining19_p_less_style_dirs_20260723/strict_dirs_goal_supervisor_state.json",
  "status": "monitoring_active_professional_campaigns",
  "tick": 131
}
{
  "state": "/tf/notebooks/yunbo/DIRS/case1_writing/runs/remaining19_p_less_style_dirs_20260723/strict_dirs_goal_supervisor_state.json",
  "status": "monitoring_active_professional_campaigns",
  "tick": 132
}
{
  "state": "/tf/notebooks/yunbo/DIRS/case1_writing/runs/remaining19_p_less_style_dirs_20260723/strict_dirs_goal_supervisor_state.json",
  "status": "monitoring_active_professional_campaigns",
  "tick": 133
}
{
  "state": "/tf/notebooks/yunbo/DIRS/case1_writing/runs/remaining19_p_less_style_dirs_20260723/strict_dirs_goal_supervisor_state.json",
  "status": "monitoring_active_professional_campaigns",
  "tick": 134
}
{
  "state": "/tf/notebooks/yunbo/DIRS/case1_writing/runs/remaining19_p_less_style_dirs_20260723/strict_dirs_goal_supervisor_state.json",
  "status": "monitoring_active_professional_campaigns",
  "tick": 135
}
{
  "state": "/tf/notebooks/yunbo/DIRS/case1_writing/runs/remaining19_p_less_style_dirs_20260723/strict_dirs_goal_supervisor_state.json",
  "status": "monitoring_active_professional_campaigns",
  "tick": 136
}
{
  "state": "/tf/notebooks/yunbo/DIRS/case1_writing/runs/remaining19_p_less_style_dirs_20260723/strict_dirs_goal_supervisor_state.json",
  "status": "monitoring_active_professional_campaigns",
  "tick": 137
}
{
  "state": "/tf/notebooks/yunbo/DIRS/case1_writing/runs/remaining19_p_less_style_dirs_20260723/strict_dirs_goal_supervisor_state.json",
  "status": "monitoring_active_professional_campaigns",
  "tick": 138
}
{
  "state": "/tf/notebooks/yunbo/DIRS/case1_writing/runs/remaining19_p_less_style_dirs_20260723/strict_dirs_goal_supervisor_state.json",
  "status": "monitoring_active_professional_campaigns",
  "tick": 139
}
{
  "state": "/tf/notebooks/yunbo/DIRS/case1_writing/runs/remaining19_p_less_style_dirs_20260723/strict_dirs_goal_supervisor_state.json",
  "status": "monitoring_active_professional_campaigns",
  "tick": 140
}
{
  "state": "/tf/notebooks/yunbo/DIRS/case1_writing/runs/remaining19_p_less_style_dirs_20260723/strict_dirs_goal_supervisor_state.json",
  "status": "monitoring_active_professional_campaigns",
  "tick": 141
}
{
  "state": "/tf/notebooks/yunbo/DIRS/case1_writing/runs/remaining19_p_less_style_dirs_20260723/strict_dirs_goal_supervisor_state.json",
  "status": "monitoring_active_professional_campaigns",
  "tick": 142
}
{
  "state": "/tf/notebooks/yunbo/DIRS/case1_writing/runs/remaining19_p_less_style_dirs_20260723/strict_dirs_goal_supervisor_state.json",
  "status": "monitoring_active_professional_campaigns",
  "tick": 143
}
{
  "state": "/tf/notebooks/yunbo/DIRS/case1_writing/runs/remaining19_p_less_style_dirs_20260723/strict_dirs_goal_supervisor_state.json",
  "status": "monitoring_active_professional_campaigns",
  "tick": 144
}
{
  "state": "/tf/notebooks/yunbo/DIRS/case1_writing/runs/remaining19_p_less_style_dirs_20260723/strict_dirs_goal_supervisor_state.json",
  "status": "monitoring_active_professional_campaigns",
  "tick": 145
}
{
  "state": "/tf/notebooks/yunbo/DIRS/case1_writing/runs/remaining19_p_less_style_dirs_20260723/strict_dirs_goal_supervisor_state.json",
  "status": "monitoring_active_professional_campaigns",
  "tick": 146
}
{
  "state": "/tf/notebooks/yunbo/DIRS/case1_writing/runs/remaining19_p_less_style_dirs_20260723/strict_dirs_goal_supervisor_state.json",
  "status": "monitoring_active_professional_campaigns",
  "tick": 147
}
{
  "state": "/tf/notebooks/yunbo/DIRS/case1_writing/runs/remaining19_p_less_style_dirs_20260723/strict_dirs_goal_supervisor_state.json",
  "status": "monitoring_active_professional_campaigns",
  "tick": 148
}
{
  "state": "/tf/notebooks/yunbo/DIRS/case1_writing/runs/remaining19_p_less_style_dirs_20260723/strict_dirs_goal_supervisor_state.json",
  "status": "monitoring_active_professional_campaigns",
  "tick": 149
}
{
  "state": "/tf/notebooks/yunbo/DIRS/case1_writing/runs/remaining19_p_less_style_dirs_20260723/strict_dirs_goal_supervisor_state.json",
  "status": "monitoring_active_professional_campaigns",
  "tick": 150
}
{
  "state": "/tf/notebooks/yunbo/DIRS/case1_writing/runs/remaining19_p_less_style_dirs_20260723/strict_dirs_goal_supervisor_state.json",
  "status": "monitoring_active_professional_campaigns",
  "tick": 151
}
{
  "state": "/tf/notebooks/yunbo/DIRS/case1_writing/runs/remaining19_p_less_style_dirs_20260723/strict_dirs_goal_supervisor_state.json",
  "status": "monitoring_active_professional_campaigns",
  "tick": 152
}
{
  "state": "/tf/notebooks/yunbo/DIRS/case1_writing/runs/remaining19_p_less_style_dirs_20260723/strict_dirs_goal_supervisor_state.json",
  "status": "monitoring_active_professional_campaigns",
  "tick": 153
}
{
  "state": "/tf/notebooks/yunbo/DIRS/case1_writing/runs/remaining19_p_less_style_dirs_20260723/strict_dirs_goal_supervisor_state.json",
  "status": "monitoring_active_professional_campaigns",
  "tick": 154
}
{
  "state": "/tf/notebooks/yunbo/DIRS/case1_writing/runs/remaining19_p_less_style_dirs_20260723/strict_dirs_goal_supervisor_state.json",
  "status": "monitoring_active_professional_campaigns",
  "tick": 155
}
{
  "state": "/tf/notebooks/yunbo/DIRS/case1_writing/runs/remaining19_p_less_style_dirs_20260723/strict_dirs_goal_supervisor_state.json",
  "status": "monitoring_active_professional_campaigns",
  "tick": 156
}
{
  "state": "/tf/notebooks/yunbo/DIRS/case1_writing/runs/remaining19_p_less_style_dirs_20260723/strict_dirs_goal_supervisor_state.json",
  "status": "monitoring_active_professional_campaigns",
  "tick": 157
}
{
  "state": "/tf/notebooks/yunbo/DIRS/case1_writing/runs/remaining19_p_less_style_dirs_20260723/strict_dirs_goal_supervisor_state.json",
  "status": "monitoring_active_professional_campaigns",
  "tick": 158
}
{
  "state": "/tf/notebooks/yunbo/DIRS/case1_writing/runs/remaining19_p_less_style_dirs_20260723/strict_dirs_goal_supervisor_state.json",
  "status": "monitoring_active_professional_campaigns",
  "tick": 159
}
{
  "state": "/tf/notebooks/yunbo/DIRS/case1_writing/runs/remaining19_p_less_style_dirs_20260723/strict_dirs_goal_supervisor_state.json",
  "status": "monitoring_active_professional_campaigns",
  "tick": 160
}
{
  "state": "/tf/notebooks/yunbo/DIRS/case1_writing/runs/remaining19_p_less_style_dirs_20260723/strict_dirs_goal_supervisor_state.json",
  "status": "monitoring_active_professional_campaigns",
  "tick": 161
}
{
  "state": "/tf/notebooks/yunbo/DIRS/case1_writing/runs/remaining19_p_less_style_dirs_20260723/strict_dirs_goal_supervisor_state.json",
  "status": "monitoring_active_professional_campaigns",
  "tick": 162
}
{
  "state": "/tf/notebooks/yunbo/DIRS/case1_writing/runs/remaining19_p_less_style_dirs_20260723/strict_dirs_goal_supervisor_state.json",
  "status": "monitoring_active_professional_campaigns",
  "tick": 163
}
{
  "state": "/tf/notebooks/yunbo/DIRS/case1_writing/runs/remaining19_p_less_style_dirs_20260723/strict_dirs_goal_supervisor_state.json",
  "status": "monitoring_active_professional_campaigns",
  "tick": 164
}
{
  "state": "/tf/notebooks/yunbo/DIRS/case1_writing/runs/remaining19_p_less_style_dirs_20260723/strict_dirs_goal_supervisor_state.json",
  "status": "monitoring_active_professional_campaigns",
  "tick": 165
}
{
  "state": "/tf/notebooks/yunbo/DIRS/case1_writing/runs/remaining19_p_less_style_dirs_20260723/strict_dirs_goal_supervisor_state.json",
  "status": "monitoring_active_professional_campaigns",
  "tick": 166
}
{
  "state": "/tf/notebooks/yunbo/DIRS/case1_writing/runs/remaining19_p_less_style_dirs_20260723/strict_dirs_goal_supervisor_state.json",
  "status": "monitoring_active_professional_campaigns",
  "tick": 167
}
{
  "state": "/tf/notebooks/yunbo/DIRS/case1_writing/runs/remaining19_p_less_style_dirs_20260723/strict_dirs_goal_supervisor_state.json",
  "status": "monitoring_active_professional_campaigns",
  "tick": 168
}
{
  "state": "/tf/notebooks/yunbo/DIRS/case1_writing/runs/remaining19_p_less_style_dirs_20260723/strict_dirs_goal_supervisor_state.json",
  "status": "monitoring_active_professional_campaigns",
  "tick": 169
}
{
  "state": "/tf/notebooks/yunbo/DIRS/case1_writing/runs/remaining19_p_less_style_dirs_20260723/strict_dirs_goal_supervisor_state.json",
  "status": "monitoring_active_professional_campaigns",
  "tick": 170
}
{
  "state": "/tf/notebooks/yunbo/DIRS/case1_writing/runs/remaining19_p_less_style_dirs_20260723/strict_dirs_goal_supervisor_state.json",
  "status": "monitoring_active_professional_campaigns",
  "tick": 171
}
{
  "state": "/tf/notebooks/yunbo/DIRS/case1_writing/runs/remaining19_p_less_style_dirs_20260723/strict_dirs_goal_supervisor_state.json",
  "status": "monitoring_active_professional_campaigns",
  "tick": 172
}
{
  "state": "/tf/notebooks/yunbo/DIRS/case1_writing/runs/remaining19_p_less_style_dirs_20260723/strict_dirs_goal_supervisor_state.json",
  "status": "monitoring_active_professional_campaigns",
  "tick": 173
}
{
  "state": "/tf/notebooks/yunbo/DIRS/case1_writing/runs/remaining19_p_less_style_dirs_20260723/strict_dirs_goal_supervisor_state.json",
  "status": "monitoring_active_professional_campaigns",
  "tick": 174
}
{
  "state": "/tf/notebooks/yunbo/DIRS/case1_writing/runs/remaining19_p_less_style_dirs_20260723/strict_dirs_goal_supervisor_state.json",
  "status": "monitoring_active_professional_campaigns",
  "tick": 175
}
{
  "state": "/tf/notebooks/yunbo/DIRS/case1_writing/runs/remaining19_p_less_style_dirs_20260723/strict_dirs_goal_supervisor_state.json",
  "status": "monitoring_active_professional_campaigns",
  "tick": 176
}
{
  "state": "/tf/notebooks/yunbo/DIRS/case1_writing/runs/remaining19_p_less_style_dirs_20260723/strict_dirs_goal_supervisor_state.json",
  "status": "monitoring_active_professional_campaigns",
  "tick": 177
}
{
  "state": "/tf/notebooks/yunbo/DIRS/case1_writing/runs/remaining19_p_less_style_dirs_20260723/strict_dirs_goal_supervisor_state.json",
  "status": "monitoring_active_professional_campaigns",
  "tick": 178
}
{
  "state": "/tf/notebooks/yunbo/DIRS/case1_writing/runs/remaining19_p_less_style_dirs_20260723/strict_dirs_goal_supervisor_state.json",
  "status": "monitoring_active_professional_campaigns",
  "tick": 179
}
{
  "state": "/tf/notebooks/yunbo/DIRS/case1_writing/runs/remaining19_p_less_style_dirs_20260723/strict_dirs_goal_supervisor_state.json",
  "status": "monitoring_active_professional_campaigns",
  "tick": 180
}
{
  "state": "/tf/notebooks/yunbo/DIRS/case1_writing/runs/remaining19_p_less_style_dirs_20260723/strict_dirs_goal_supervisor_state.json",
  "status": "monitoring_active_professional_campaigns",
  "tick": 181
}
{
  "state": "/tf/notebooks/yunbo/DIRS/case1_writing/runs/remaining19_p_less_style_dirs_20260723/strict_dirs_goal_supervisor_state.json",
  "status": "monitoring_active_professional_campaigns",
  "tick": 182
}
{
  "state": "/tf/notebooks/yunbo/DIRS/case1_writing/runs/remaining19_p_less_style_dirs_20260723/strict_dirs_goal_supervisor_state.json",
  "status": "monitoring_active_professional_campaigns",
  "tick": 183
}
{
  "state": "/tf/notebooks/yunbo/DIRS/case1_writing/runs/remaining19_p_less_style_dirs_20260723/strict_dirs_goal_supervisor_state.json",
  "status": "monitoring_active_professional_campaigns",
  "tick": 184
}
{
  "state": "/tf/notebooks/yunbo/DIRS/case1_writing/runs/remaining19_p_less_style_dirs_20260723/strict_dirs_goal_supervisor_state.json",
  "status": "monitoring_active_professional_campaigns",
  "tick": 185
}
{
  "state": "/tf/notebooks/yunbo/DIRS/case1_writing/runs/remaining19_p_less_style_dirs_20260723/strict_dirs_goal_supervisor_state.json",
  "status": "monitoring_active_professional_campaigns",
  "tick": 186
}
{
  "state": "/tf/notebooks/yunbo/DIRS/case1_writing/runs/remaining19_p_less_style_dirs_20260723/strict_dirs_goal_supervisor_state.json",
  "status": "monitoring_active_professional_campaigns",
  "tick": 187
}
{
  "state": "/tf/notebooks/yunbo/DIRS/case1_writing/runs/remaining19_p_less_style_dirs_20260723/strict_dirs_goal_supervisor_state.json",
  "status": "monitoring_active_professional_campaigns",
  "tick": 188
}
{
  "state": "/tf/notebooks/yunbo/DIRS/case1_writing/runs/remaining19_p_less_style_dirs_20260723/strict_dirs_goal_supervisor_state.json",
  "status": "monitoring_active_professional_campaigns",
  "tick": 189
}
{
  "state": "/tf/notebooks/yunbo/DIRS/case1_writing/runs/remaining19_p_less_style_dirs_20260723/strict_dirs_goal_supervisor_state.json",
  "status": "monitoring_active_professional_campaigns",
  "tick": 190
}
{
  "state": "/tf/notebooks/yunbo/DIRS/case1_writing/runs/remaining19_p_less_style_dirs_20260723/strict_dirs_goal_supervisor_state.json",
  "status": "monitoring_active_professional_campaigns",
  "tick": 191
}
{
  "state": "/tf/notebooks/yunbo/DIRS/case1_writing/runs/remaining19_p_less_style_dirs_20260723/strict_dirs_goal_supervisor_state.json",
  "status": "monitoring_active_professional_campaigns",
  "tick": 192
}
{
  "state": "/tf/notebooks/yunbo/DIRS/case1_writing/runs/remaining19_p_less_style_dirs_20260723/strict_dirs_goal_supervisor_state.json",
  "status": "monitoring_active_professional_campaigns",
  "tick": 193
}
{
  "state": "/tf/notebooks/yunbo/DIRS/case1_writing/runs/remaining19_p_less_style_dirs_20260723/strict_dirs_goal_supervisor_state.json",
  "status": "monitoring_active_professional_campaigns",
  "tick": 194
}
{
  "state": "/tf/notebooks/yunbo/DIRS/case1_writing/runs/remaining19_p_less_style_dirs_20260723/strict_dirs_goal_supervisor_state.json",
  "status": "monitoring_active_professional_campaigns",
  "tick": 195
}
{
  "state": "/tf/notebooks/yunbo/DIRS/case1_writing/runs/remaining19_p_less_style_dirs_20260723/strict_dirs_goal_supervisor_state.json",
  "status": "monitoring_active_professional_campaigns",
  "tick": 196
}
{
  "state": "/tf/notebooks/yunbo/DIRS/case1_writing/runs/remaining19_p_less_style_dirs_20260723/strict_dirs_goal_supervisor_state.json",
  "status": "monitoring_active_professional_campaigns",
  "tick": 197
}
{
  "state": "/tf/notebooks/yunbo/DIRS/case1_writing/runs/remaining19_p_less_style_dirs_20260723/strict_dirs_goal_supervisor_state.json",
  "status": "monitoring_active_professional_campaigns",
  "tick": 198
}
{
  "state": "/tf/notebooks/yunbo/DIRS/case1_writing/runs/remaining19_p_less_style_dirs_20260723/strict_dirs_goal_supervisor_state.json",
  "status": "monitoring_active_professional_campaigns",
  "tick": 199
}
{
  "state": "/tf/notebooks/yunbo/DIRS/case1_writing/runs/remaining19_p_less_style_dirs_20260723/strict_dirs_goal_supervisor_state.json",
  "status": "monitoring_active_professional_campaigns",
  "tick": 200
}
{
  "state": "/tf/notebooks/yunbo/DIRS/case1_writing/runs/remaining19_p_less_style_dirs_20260723/strict_dirs_goal_supervisor_state.json",
  "status": "monitoring_active_professional_campaigns",
  "tick": 201
}
{
  "state": "/tf/notebooks/yunbo/DIRS/case1_writing/runs/remaining19_p_less_style_dirs_20260723/strict_dirs_goal_supervisor_state.json",
  "status": "monitoring_active_professional_campaigns",
  "tick": 202
}
{
  "state": "/tf/notebooks/yunbo/DIRS/case1_writing/runs/remaining19_p_less_style_dirs_20260723/strict_dirs_goal_supervisor_state.json",
  "status": "monitoring_active_professional_campaigns",
  "tick": 203
}
{
  "state": "/tf/notebooks/yunbo/DIRS/case1_writing/runs/remaining19_p_less_style_dirs_20260723/strict_dirs_goal_supervisor_state.json",
  "status": "monitoring_active_professional_campaigns",
  "tick": 204
}
{
  "state": "/tf/notebooks/yunbo/DIRS/case1_writing/runs/remaining19_p_less_style_dirs_20260723/strict_dirs_goal_supervisor_state.json",
  "status": "monitoring_active_professional_campaigns",
  "tick": 205
}
{
  "state": "/tf/notebooks/yunbo/DIRS/case1_writing/runs/remaining19_p_less_style_dirs_20260723/strict_dirs_goal_supervisor_state.json",
  "status": "monitoring_active_professional_campaigns",
  "tick": 206
}
{
  "state": "/tf/notebooks/yunbo/DIRS/case1_writing/runs/remaining19_p_less_style_dirs_20260723/strict_dirs_goal_supervisor_state.json",
  "status": "monitoring_active_professional_campaigns",
  "tick": 207
}
{
  "state": "/tf/notebooks/yunbo/DIRS/case1_writing/runs/remaining19_p_less_style_dirs_20260723/strict_dirs_goal_supervisor_state.json",
  "status": "monitoring_active_professional_campaigns",
  "tick": 208
}
{
  "state": "/tf/notebooks/yunbo/DIRS/case1_writing/runs/remaining19_p_less_style_dirs_20260723/strict_dirs_goal_supervisor_state.json",
  "status": "monitoring_active_professional_campaigns",
  "tick": 209
}
{
  "state": "/tf/notebooks/yunbo/DIRS/case1_writing/runs/remaining19_p_less_style_dirs_20260723/strict_dirs_goal_supervisor_state.json",
  "status": "monitoring_active_professional_campaigns",
  "tick": 210
}
{
  "state": "/tf/notebooks/yunbo/DIRS/case1_writing/runs/remaining19_p_less_style_dirs_20260723/strict_dirs_goal_supervisor_state.json",
  "status": "monitoring_active_professional_campaigns",
  "tick": 211
}
{
  "state": "/tf/notebooks/yunbo/DIRS/case1_writing/runs/remaining19_p_less_style_dirs_20260723/strict_dirs_goal_supervisor_state.json",
  "status": "monitoring_active_professional_campaigns",
  "tick": 212
}
{
  "state": "/tf/notebooks/yunbo/DIRS/case1_writing/runs/remaining19_p_less_style_dirs_20260723/strict_dirs_goal_supervisor_state.json",
  "status": "monitoring_active_professional_campaigns",
  "tick": 213
}
{
  "state": "/tf/notebooks/yunbo/DIRS/case1_writing/runs/remaining19_p_less_style_dirs_20260723/strict_dirs_goal_supervisor_state.json",
  "status": "monitoring_active_professional_campaigns",
  "tick": 214
}
{
  "state": "/tf/notebooks/yunbo/DIRS/case1_writing/runs/remaining19_p_less_style_dirs_20260723/strict_dirs_goal_supervisor_state.json",
  "status": "monitoring_active_professional_campaigns",
  "tick": 215
}
{
  "state": "/tf/notebooks/yunbo/DIRS/case1_writing/runs/remaining19_p_less_style_dirs_20260723/strict_dirs_goal_supervisor_state.json",
  "status": "monitoring_active_professional_campaigns",
  "tick": 216
}
{
  "state": "/tf/notebooks/yunbo/DIRS/case1_writing/runs/remaining19_p_less_style_dirs_20260723/strict_dirs_goal_supervisor_state.json",
  "status": "monitoring_active_professional_campaigns",
  "tick": 217
}
{
  "state": "/tf/notebooks/yunbo/DIRS/case1_writing/runs/remaining19_p_less_style_dirs_20260723/strict_dirs_goal_supervisor_state.json",
  "status": "monitoring_active_professional_campaigns",
  "tick": 218
}
{
  "state": "/tf/notebooks/yunbo/DIRS/case1_writing/runs/remaining19_p_less_style_dirs_20260723/strict_dirs_goal_supervisor_state.json",
  "status": "monitoring_active_professional_campaigns",
  "tick": 219
}
{
  "state": "/tf/notebooks/yunbo/DIRS/case1_writing/runs/remaining19_p_less_style_dirs_20260723/strict_dirs_goal_supervisor_state.json",
  "status": "monitoring_active_professional_campaigns",
  "tick": 220
}
{
  "state": "/tf/notebooks/yunbo/DIRS/case1_writing/runs/remaining19_p_less_style_dirs_20260723/strict_dirs_goal_supervisor_state.json",
  "status": "monitoring_active_professional_campaigns",
  "tick": 221
}
{
  "state": "/tf/notebooks/yunbo/DIRS/case1_writing/runs/remaining19_p_less_style_dirs_20260723/strict_dirs_goal_supervisor_state.json",
  "status": "monitoring_active_professional_campaigns",
  "tick": 222
}
{
  "state": "/tf/notebooks/yunbo/DIRS/case1_writing/runs/remaining19_p_less_style_dirs_20260723/strict_dirs_goal_supervisor_state.json",
  "status": "monitoring_active_professional_campaigns",
  "tick": 223
}
{
  "state": "/tf/notebooks/yunbo/DIRS/case1_writing/runs/remaining19_p_less_style_dirs_20260723/strict_dirs_goal_supervisor_state.json",
  "status": "monitoring_active_professional_campaigns",
  "tick": 224
}
{
  "state": "/tf/notebooks/yunbo/DIRS/case1_writing/runs/remaining19_p_less_style_dirs_20260723/strict_dirs_goal_supervisor_state.json",
  "status": "monitoring_active_professional_campaigns",
  "tick": 225
}
{
  "state": "/tf/notebooks/yunbo/DIRS/case1_writing/runs/remaining19_p_less_style_dirs_20260723/strict_dirs_goal_supervisor_state.json",
  "status": "monitoring_active_professional_campaigns",
  "tick": 226
}
{
  "state": "/tf/notebooks/yunbo/DIRS/case1_writing/runs/remaining19_p_less_style_dirs_20260723/strict_dirs_goal_supervisor_state.json",
  "status": "monitoring_active_professional_campaigns",
  "tick": 227
}
{
  "state": "/tf/notebooks/yunbo/DIRS/case1_writing/runs/remaining19_p_less_style_dirs_20260723/strict_dirs_goal_supervisor_state.json",
  "status": "monitoring_active_professional_campaigns",
  "tick": 228
}
{
  "state": "/tf/notebooks/yunbo/DIRS/case1_writing/runs/remaining19_p_less_style_dirs_20260723/strict_dirs_goal_supervisor_state.json",
  "status": "monitoring_active_professional_campaigns",
  "tick": 229
}
{
  "state": "/tf/notebooks/yunbo/DIRS/case1_writing/runs/remaining19_p_less_style_dirs_20260723/strict_dirs_goal_supervisor_state.json",
  "status": "monitoring_active_professional_campaigns",
  "tick": 230
}
{
  "state": "/tf/notebooks/yunbo/DIRS/case1_writing/runs/remaining19_p_less_style_dirs_20260723/strict_dirs_goal_supervisor_state.json",
  "status": "monitoring_active_professional_campaigns",
  "tick": 231
}
{
  "state": "/tf/notebooks/yunbo/DIRS/case1_writing/runs/remaining19_p_less_style_dirs_20260723/strict_dirs_goal_supervisor_state.json",
  "status": "monitoring_active_professional_campaigns",
  "tick": 232
}
{
  "state": "/tf/notebooks/yunbo/DIRS/case1_writing/runs/remaining19_p_less_style_dirs_20260723/strict_dirs_goal_supervisor_state.json",
  "status": "monitoring_active_professional_campaigns",
  "tick": 233
}
{
  "state": "/tf/notebooks/yunbo/DIRS/case1_writing/runs/remaining19_p_less_style_dirs_20260723/strict_dirs_goal_supervisor_state.json",
  "status": "monitoring_active_professional_campaigns",
  "tick": 234
}
{
  "status": "already_running",
  "pid_path": "/tf/notebooks/yunbo/DIRS/case1_writing/runs/remaining19_p_less_style_dirs_20260723/strict_dirs_goal_supervisor.pid"
}
{
  "state": "/tf/notebooks/yunbo/DIRS/case1_writing/runs/remaining19_p_less_style_dirs_20260723/strict_dirs_goal_supervisor_state.json",
  "status": "monitoring_active_professional_campaigns",
  "tick": 1
}
{
  "state": "/tf/notebooks/yunbo/DIRS/case1_writing/runs/remaining19_p_less_style_dirs_20260723/strict_dirs_goal_supervisor_state.json",
  "status": "monitoring_active_professional_campaigns",
  "tick": 2
}
{
  "state": "/tf/notebooks/yunbo/DIRS/case1_writing/runs/remaining19_p_less_style_dirs_20260723/strict_dirs_goal_supervisor_state.json",
  "status": "monitoring_active_professional_campaigns",
  "tick": 3
}
{
  "state": "/tf/notebooks/yunbo/DIRS/case1_writing/runs/remaining19_p_less_style_dirs_20260723/strict_dirs_goal_supervisor_state.json",
  "status": "monitoring_active_professional_campaigns",
  "tick": 4
}
{
  "state": "/tf/notebooks/yunbo/DIRS/case1_writing/runs/remaining19_p_less_style_dirs_20260723/strict_dirs_goal_supervisor_state.json",
  "status": "monitoring_active_professional_campaigns",
  "tick": 5
}
{
  "state": "/tf/notebooks/yunbo/DIRS/case1_writing/runs/remaining19_p_less_style_dirs_20260723/strict_dirs_goal_supervisor_state.json",
  "status": "monitoring_active_professional_campaigns",
  "tick": 6
}
{
  "state": "/tf/notebooks/yunbo/DIRS/case1_writing/runs/remaining19_p_less_style_dirs_20260723/strict_dirs_goal_supervisor_state.json",
  "status": "monitoring_active_professional_campaigns",
  "tick": 7
}
{
  "state": "/tf/notebooks/yunbo/DIRS/case1_writing/runs/remaining19_p_less_style_dirs_20260723/strict_dirs_goal_supervisor_state.json",
  "status": "monitoring_active_professional_campaigns",
  "tick": 8
}
{
  "state": "/tf/notebooks/yunbo/DIRS/case1_writing/runs/remaining19_p_less_style_dirs_20260723/strict_dirs_goal_supervisor_state.json",
  "status": "monitoring_active_professional_campaigns",
  "tick": 9
}
{
  "state": "/tf/notebooks/yunbo/DIRS/case1_writing/runs/remaining19_p_less_style_dirs_20260723/strict_dirs_goal_supervisor_state.json",
  "status": "monitoring_active_professional_campaigns",
  "tick": 10
}
{
  "state": "/tf/notebooks/yunbo/DIRS/case1_writing/runs/remaining19_p_less_style_dirs_20260723/strict_dirs_goal_supervisor_state.json",
  "status": "monitoring_active_professional_campaigns",
  "tick": 11
}
{
  "state": "/tf/notebooks/yunbo/DIRS/case1_writing/runs/remaining19_p_less_style_dirs_20260723/strict_dirs_goal_supervisor_state.json",
  "status": "monitoring_active_professional_campaigns",
  "tick": 12
}
{
  "state": "/tf/notebooks/yunbo/DIRS/case1_writing/runs/remaining19_p_less_style_dirs_20260723/strict_dirs_goal_supervisor_state.json",
  "status": "monitoring_active_professional_campaigns",
  "tick": 13
}
{
  "state": "/tf/notebooks/yunbo/DIRS/case1_writing/runs/remaining19_p_less_style_dirs_20260723/strict_dirs_goal_supervisor_state.json",
  "status": "monitoring_active_professional_campaigns",
  "tick": 14
}
{
  "state": "/tf/notebooks/yunbo/DIRS/case1_writing/runs/remaining19_p_less_style_dirs_20260723/strict_dirs_goal_supervisor_state.json",
  "status": "monitoring_active_professional_campaigns",
  "tick": 15
}
{
  "state": "/tf/notebooks/yunbo/DIRS/case1_writing/runs/remaining19_p_less_style_dirs_20260723/strict_dirs_goal_supervisor_state.json",
  "status": "monitoring_active_professional_campaigns",
  "tick": 16
}
{
  "state": "/tf/notebooks/yunbo/DIRS/case1_writing/runs/remaining19_p_less_style_dirs_20260723/strict_dirs_goal_supervisor_state.json",
  "status": "monitoring_active_professional_campaigns",
  "tick": 17
}
{
  "state": "/tf/notebooks/yunbo/DIRS/case1_writing/runs/remaining19_p_less_style_dirs_20260723/strict_dirs_goal_supervisor_state.json",
  "status": "monitoring_active_professional_campaigns",
  "tick": 18
}
{
  "state": "/tf/notebooks/yunbo/DIRS/case1_writing/runs/remaining19_p_less_style_dirs_20260723/strict_dirs_goal_supervisor_state.json",
  "status": "monitoring_active_professional_campaigns",
  "tick": 19
}
{
  "state": "/tf/notebooks/yunbo/DIRS/case1_writing/runs/remaining19_p_less_style_dirs_20260723/strict_dirs_goal_supervisor_state.json",
  "status": "monitoring_active_professional_campaigns",
  "tick": 20
}
{
  "state": "/tf/notebooks/yunbo/DIRS/case1_writing/runs/remaining19_p_less_style_dirs_20260723/strict_dirs_goal_supervisor_state.json",
  "status": "monitoring_active_professional_campaigns",
  "tick": 21
}
{
  "state": "/tf/notebooks/yunbo/DIRS/case1_writing/runs/remaining19_p_less_style_dirs_20260723/strict_dirs_goal_supervisor_state.json",
  "status": "monitoring_active_professional_campaigns",
  "tick": 22
}
{
  "state": "/tf/notebooks/yunbo/DIRS/case1_writing/runs/remaining19_p_less_style_dirs_20260723/strict_dirs_goal_supervisor_state.json",
  "status": "monitoring_active_professional_campaigns",
  "tick": 23
}
{
  "state": "/tf/notebooks/yunbo/DIRS/case1_writing/runs/remaining19_p_less_style_dirs_20260723/strict_dirs_goal_supervisor_state.json",
  "status": "monitoring_active_professional_campaigns",
  "tick": 24
}
{
  "state": "/tf/notebooks/yunbo/DIRS/case1_writing/runs/remaining19_p_less_style_dirs_20260723/strict_dirs_goal_supervisor_state.json",
  "status": "monitoring_active_professional_campaigns",
  "tick": 25
}
{
  "state": "/tf/notebooks/yunbo/DIRS/case1_writing/runs/remaining19_p_less_style_dirs_20260723/strict_dirs_goal_supervisor_state.json",
  "status": "monitoring_active_professional_campaigns",
  "tick": 26
}
{
  "state": "/tf/notebooks/yunbo/DIRS/case1_writing/runs/remaining19_p_less_style_dirs_20260723/strict_dirs_goal_supervisor_state.json",
  "status": "monitoring_active_professional_campaigns",
  "tick": 27
}
{
  "state": "/tf/notebooks/yunbo/DIRS/case1_writing/runs/remaining19_p_less_style_dirs_20260723/strict_dirs_goal_supervisor_state.json",
  "status": "monitoring_active_professional_campaigns",
  "tick": 28
}
{
  "state": "/tf/notebooks/yunbo/DIRS/case1_writing/runs/remaining19_p_less_style_dirs_20260723/strict_dirs_goal_supervisor_state.json",
  "status": "monitoring_active_professional_campaigns",
  "tick": 29
}
{
  "state": "/tf/notebooks/yunbo/DIRS/case1_writing/runs/remaining19_p_less_style_dirs_20260723/strict_dirs_goal_supervisor_state.json",
  "status": "monitoring_active_professional_campaigns",
  "tick": 30
}
{
  "state": "/tf/notebooks/yunbo/DIRS/case1_writing/runs/remaining19_p_less_style_dirs_20260723/strict_dirs_goal_supervisor_state.json",
  "status": "monitoring_active_professional_campaigns",
  "tick": 31
}
{
  "state": "/tf/notebooks/yunbo/DIRS/case1_writing/runs/remaining19_p_less_style_dirs_20260723/strict_dirs_goal_supervisor_state.json",
  "status": "monitoring_active_professional_campaigns",
  "tick": 32
}
{
  "state": "/tf/notebooks/yunbo/DIRS/case1_writing/runs/remaining19_p_less_style_dirs_20260723/strict_dirs_goal_supervisor_state.json",
  "status": "monitoring_active_professional_campaigns",
  "tick": 33
}
{
  "state": "/tf/notebooks/yunbo/DIRS/case1_writing/runs/remaining19_p_less_style_dirs_20260723/strict_dirs_goal_supervisor_state.json",
  "status": "monitoring_active_professional_campaigns",
  "tick": 34
}
{
  "state": "/tf/notebooks/yunbo/DIRS/case1_writing/runs/remaining19_p_less_style_dirs_20260723/strict_dirs_goal_supervisor_state.json",
  "status": "monitoring_active_professional_campaigns",
  "tick": 35
}
{
  "state": "/tf/notebooks/yunbo/DIRS/case1_writing/runs/remaining19_p_less_style_dirs_20260723/strict_dirs_goal_supervisor_state.json",
  "status": "monitoring_active_professional_campaigns",
  "tick": 36
}
{
  "state": "/tf/notebooks/yunbo/DIRS/case1_writing/runs/remaining19_p_less_style_dirs_20260723/strict_dirs_goal_supervisor_state.json",
  "status": "monitoring_active_professional_campaigns",
  "tick": 37
}
{
  "state": "/tf/notebooks/yunbo/DIRS/case1_writing/runs/remaining19_p_less_style_dirs_20260723/strict_dirs_goal_supervisor_state.json",
  "status": "monitoring_active_professional_campaigns",
  "tick": 38
}
{
  "state": "/tf/notebooks/yunbo/DIRS/case1_writing/runs/remaining19_p_less_style_dirs_20260723/strict_dirs_goal_supervisor_state.json",
  "status": "monitoring_active_professional_campaigns",
  "tick": 39
}
{
  "state": "/tf/notebooks/yunbo/DIRS/case1_writing/runs/remaining19_p_less_style_dirs_20260723/strict_dirs_goal_supervisor_state.json",
  "status": "monitoring_active_professional_campaigns",
  "tick": 40
}
{
  "state": "/tf/notebooks/yunbo/DIRS/case1_writing/runs/remaining19_p_less_style_dirs_20260723/strict_dirs_goal_supervisor_state.json",
  "status": "monitoring_active_professional_campaigns",
  "tick": 41
}
{
  "state": "/tf/notebooks/yunbo/DIRS/case1_writing/runs/remaining19_p_less_style_dirs_20260723/strict_dirs_goal_supervisor_state.json",
  "status": "monitoring_active_professional_campaigns",
  "tick": 42
}
{
  "state": "/tf/notebooks/yunbo/DIRS/case1_writing/runs/remaining19_p_less_style_dirs_20260723/strict_dirs_goal_supervisor_state.json",
  "status": "monitoring_active_professional_campaigns",
  "tick": 43
}
{
  "state": "/tf/notebooks/yunbo/DIRS/case1_writing/runs/remaining19_p_less_style_dirs_20260723/strict_dirs_goal_supervisor_state.json",
  "status": "monitoring_active_professional_campaigns",
  "tick": 44
}
{
  "state": "/tf/notebooks/yunbo/DIRS/case1_writing/runs/remaining19_p_less_style_dirs_20260723/strict_dirs_goal_supervisor_state.json",
  "status": "monitoring_active_professional_campaigns",
  "tick": 45
}
{
  "state": "/tf/notebooks/yunbo/DIRS/case1_writing/runs/remaining19_p_less_style_dirs_20260723/strict_dirs_goal_supervisor_state.json",
  "status": "monitoring_active_professional_campaigns",
  "tick": 46
}
{
  "state": "/tf/notebooks/yunbo/DIRS/case1_writing/runs/remaining19_p_less_style_dirs_20260723/strict_dirs_goal_supervisor_state.json",
  "status": "monitoring_active_professional_campaigns",
  "tick": 47
}
{
  "state": "/tf/notebooks/yunbo/DIRS/case1_writing/runs/remaining19_p_less_style_dirs_20260723/strict_dirs_goal_supervisor_state.json",
  "status": "monitoring_active_professional_campaigns",
  "tick": 48
}
{
  "state": "/tf/notebooks/yunbo/DIRS/case1_writing/runs/remaining19_p_less_style_dirs_20260723/strict_dirs_goal_supervisor_state.json",
  "status": "monitoring_active_professional_campaigns",
  "tick": 49
}
{
  "state": "/tf/notebooks/yunbo/DIRS/case1_writing/runs/remaining19_p_less_style_dirs_20260723/strict_dirs_goal_supervisor_state.json",
  "status": "monitoring_active_professional_campaigns",
  "tick": 50
}
{
  "state": "/tf/notebooks/yunbo/DIRS/case1_writing/runs/remaining19_p_less_style_dirs_20260723/strict_dirs_goal_supervisor_state.json",
  "status": "monitoring_active_professional_campaigns",
  "tick": 51
}
{
  "state": "/tf/notebooks/yunbo/DIRS/case1_writing/runs/remaining19_p_less_style_dirs_20260723/strict_dirs_goal_supervisor_state.json",
  "status": "monitoring_active_professional_campaigns",
  "tick": 52
}
{
  "state": "/tf/notebooks/yunbo/DIRS/case1_writing/runs/remaining19_p_less_style_dirs_20260723/strict_dirs_goal_supervisor_state.json",
  "status": "monitoring_active_professional_campaigns",
  "tick": 53
}
{
  "state": "/tf/notebooks/yunbo/DIRS/case1_writing/runs/remaining19_p_less_style_dirs_20260723/strict_dirs_goal_supervisor_state.json",
  "status": "monitoring_active_professional_campaigns",
  "tick": 54
}
{
  "state": "/tf/notebooks/yunbo/DIRS/case1_writing/runs/remaining19_p_less_style_dirs_20260723/strict_dirs_goal_supervisor_state.json",
  "status": "monitoring_active_professional_campaigns",
  "tick": 55
}
{
  "state": "/tf/notebooks/yunbo/DIRS/case1_writing/runs/remaining19_p_less_style_dirs_20260723/strict_dirs_goal_supervisor_state.json",
  "status": "monitoring_active_professional_campaigns",
  "tick": 56
}
{
  "state": "/tf/notebooks/yunbo/DIRS/case1_writing/runs/remaining19_p_less_style_dirs_20260723/strict_dirs_goal_supervisor_state.json",
  "status": "monitoring_active_professional_campaigns",
  "tick": 57
}
{
  "state": "/tf/notebooks/yunbo/DIRS/case1_writing/runs/remaining19_p_less_style_dirs_20260723/strict_dirs_goal_supervisor_state.json",
  "status": "monitoring_active_professional_campaigns",
  "tick": 58
}
{
  "state": "/tf/notebooks/yunbo/DIRS/case1_writing/runs/remaining19_p_less_style_dirs_20260723/strict_dirs_goal_supervisor_state.json",
  "status": "monitoring_active_professional_campaigns",
  "tick": 59
}
{
  "state": "/tf/notebooks/yunbo/DIRS/case1_writing/runs/remaining19_p_less_style_dirs_20260723/strict_dirs_goal_supervisor_state.json",
  "status": "monitoring_active_professional_campaigns",
  "tick": 60
}
{
  "state": "/tf/notebooks/yunbo/DIRS/case1_writing/runs/remaining19_p_less_style_dirs_20260723/strict_dirs_goal_supervisor_state.json",
  "status": "monitoring_active_professional_campaigns",
  "tick": 61
}
{
  "state": "/tf/notebooks/yunbo/DIRS/case1_writing/runs/remaining19_p_less_style_dirs_20260723/strict_dirs_goal_supervisor_state.json",
  "status": "monitoring_active_professional_campaigns",
  "tick": 62
}
{
  "state": "/tf/notebooks/yunbo/DIRS/case1_writing/runs/remaining19_p_less_style_dirs_20260723/strict_dirs_goal_supervisor_state.json",
  "status": "monitoring_active_professional_campaigns",
  "tick": 63
}
{
  "state": "/tf/notebooks/yunbo/DIRS/case1_writing/runs/remaining19_p_less_style_dirs_20260723/strict_dirs_goal_supervisor_state.json",
  "status": "monitoring_active_professional_campaigns",
  "tick": 64
}
{
  "state": "/tf/notebooks/yunbo/DIRS/case1_writing/runs/remaining19_p_less_style_dirs_20260723/strict_dirs_goal_supervisor_state.json",
  "status": "monitoring_active_professional_campaigns",
  "tick": 65
}
{
  "state": "/tf/notebooks/yunbo/DIRS/case1_writing/runs/remaining19_p_less_style_dirs_20260723/strict_dirs_goal_supervisor_state.json",
  "status": "monitoring_active_professional_campaigns",
  "tick": 66
}
{
  "state": "/tf/notebooks/yunbo/DIRS/case1_writing/runs/remaining19_p_less_style_dirs_20260723/strict_dirs_goal_supervisor_state.json",
  "status": "monitoring_active_professional_campaigns",
  "tick": 67
}
{
  "state": "/tf/notebooks/yunbo/DIRS/case1_writing/runs/remaining19_p_less_style_dirs_20260723/strict_dirs_goal_supervisor_state.json",
  "status": "monitoring_active_professional_campaigns",
  "tick": 68
}
{
  "state": "/tf/notebooks/yunbo/DIRS/case1_writing/runs/remaining19_p_less_style_dirs_20260723/strict_dirs_goal_supervisor_state.json",
  "status": "monitoring_active_professional_campaigns",
  "tick": 69
}
{
  "state": "/tf/notebooks/yunbo/DIRS/case1_writing/runs/remaining19_p_less_style_dirs_20260723/strict_dirs_goal_supervisor_state.json",
  "status": "monitoring_active_professional_campaigns",
  "tick": 70
}
{
  "state": "/tf/notebooks/yunbo/DIRS/case1_writing/runs/remaining19_p_less_style_dirs_20260723/strict_dirs_goal_supervisor_state.json",
  "status": "monitoring_active_professional_campaigns",
  "tick": 71
}
{
  "state": "/tf/notebooks/yunbo/DIRS/case1_writing/runs/remaining19_p_less_style_dirs_20260723/strict_dirs_goal_supervisor_state.json",
  "status": "monitoring_active_professional_campaigns",
  "tick": 72
}
{
  "state": "/tf/notebooks/yunbo/DIRS/case1_writing/runs/remaining19_p_less_style_dirs_20260723/strict_dirs_goal_supervisor_state.json",
  "status": "monitoring_active_professional_campaigns",
  "tick": 73
}
{
  "state": "/tf/notebooks/yunbo/DIRS/case1_writing/runs/remaining19_p_less_style_dirs_20260723/strict_dirs_goal_supervisor_state.json",
  "status": "monitoring_active_professional_campaigns",
  "tick": 74
}
{
  "state": "/tf/notebooks/yunbo/DIRS/case1_writing/runs/remaining19_p_less_style_dirs_20260723/strict_dirs_goal_supervisor_state.json",
  "status": "monitoring_active_professional_campaigns",
  "tick": 75
}
{
  "state": "/tf/notebooks/yunbo/DIRS/case1_writing/runs/remaining19_p_less_style_dirs_20260723/strict_dirs_goal_supervisor_state.json",
  "status": "monitoring_active_professional_campaigns",
  "tick": 76
}
{
  "state": "/tf/notebooks/yunbo/DIRS/case1_writing/runs/remaining19_p_less_style_dirs_20260723/strict_dirs_goal_supervisor_state.json",
  "status": "monitoring_active_professional_campaigns",
  "tick": 77
}
{
  "state": "/tf/notebooks/yunbo/DIRS/case1_writing/runs/remaining19_p_less_style_dirs_20260723/strict_dirs_goal_supervisor_state.json",
  "status": "monitoring_active_professional_campaigns",
  "tick": 78
}
