{
  "state": "/tf/notebooks/yunbo/DIRS/case1_writing/runs/remaining19_p_less_style_dirs_20260723/strict_dirs_goal_supervisor_state.json",
  "status": "monitoring_running_prophet",
  "tick": 1
}
{
  "state": "/tf/notebooks/yunbo/DIRS/case1_writing/runs/remaining19_p_less_style_dirs_20260723/strict_dirs_goal_supervisor_state.json",
  "status": "monitoring_running_prophet",
  "tick": 2
}
{
  "state": "/tf/notebooks/yunbo/DIRS/case1_writing/runs/remaining19_p_less_style_dirs_20260723/strict_dirs_goal_supervisor_state.json",
  "status": "monitoring_running_prophet",
  "tick": 3
}
{
  "state": "/tf/notebooks/yunbo/DIRS/case1_writing/runs/remaining19_p_less_style_dirs_20260723/strict_dirs_goal_supervisor_state.json",
  "status": "monitoring_running_prophet",
  "tick": 4
}
{
  "state": "/tf/notebooks/yunbo/DIRS/case1_writing/runs/remaining19_p_less_style_dirs_20260723/strict_dirs_goal_supervisor_state.json",
  "status": "monitoring_running_prophet",
  "tick": 5
}
{
  "state": "/tf/notebooks/yunbo/DIRS/case1_writing/runs/remaining19_p_less_style_dirs_20260723/strict_dirs_goal_supervisor_state.json",
  "status": "monitoring_running_prophet",
  "tick": 6
}
{
  "state": "/tf/notebooks/yunbo/DIRS/case1_writing/runs/remaining19_p_less_style_dirs_20260723/strict_dirs_goal_supervisor_state.json",
  "status": "monitoring_running_prophet",
  "tick": 7
}
{
  "state": "/tf/notebooks/yunbo/DIRS/case1_writing/runs/remaining19_p_less_style_dirs_20260723/strict_dirs_goal_supervisor_state.json",
  "status": "monitoring_running_prophet",
  "tick": 8
}
{
  "state": "/tf/notebooks/yunbo/DIRS/case1_writing/runs/remaining19_p_less_style_dirs_20260723/strict_dirs_goal_supervisor_state.json",
  "status": "monitoring_running_prophet",
  "tick": 9
}
{
  "state": "/tf/notebooks/yunbo/DIRS/case1_writing/runs/remaining19_p_less_style_dirs_20260723/strict_dirs_goal_supervisor_state.json",
  "status": "monitoring_running_prophet",
  "tick": 10
}
{
  "state": "/tf/notebooks/yunbo/DIRS/case1_writing/runs/remaining19_p_less_style_dirs_20260723/strict_dirs_goal_supervisor_state.json",
  "status": "monitoring_running_prophet",
  "tick": 11
}
{
  "state": "/tf/notebooks/yunbo/DIRS/case1_writing/runs/remaining19_p_less_style_dirs_20260723/strict_dirs_goal_supervisor_state.json",
  "status": "monitoring_running_prophet",
  "tick": 12
}
{
  "state": "/tf/notebooks/yunbo/DIRS/case1_writing/runs/remaining19_p_less_style_dirs_20260723/strict_dirs_goal_supervisor_state.json",
  "status": "monitoring_running_prophet",
  "tick": 13
}
{
  "state": "/tf/notebooks/yunbo/DIRS/case1_writing/runs/remaining19_p_less_style_dirs_20260723/strict_dirs_goal_supervisor_state.json",
  "status": "monitoring_running_prophet",
  "tick": 14
}
{
  "state": "/tf/notebooks/yunbo/DIRS/case1_writing/runs/remaining19_p_less_style_dirs_20260723/strict_dirs_goal_supervisor_state.json",
  "status": "monitoring_running_prophet",
  "tick": 15
}
{
  "state": "/tf/notebooks/yunbo/DIRS/case1_writing/runs/remaining19_p_less_style_dirs_20260723/strict_dirs_goal_supervisor_state.json",
  "status": "monitoring_running_prophet",
  "tick": 16
}
{
  "state": "/tf/notebooks/yunbo/DIRS/case1_writing/runs/remaining19_p_less_style_dirs_20260723/strict_dirs_goal_supervisor_state.json",
  "status": "monitoring_running_prophet",
  "tick": 17
}
{
  "state": "/tf/notebooks/yunbo/DIRS/case1_writing/runs/remaining19_p_less_style_dirs_20260723/strict_dirs_goal_supervisor_state.json",
  "status": "monitoring_running_prophet",
  "tick": 18
}
{
  "state": "/tf/notebooks/yunbo/DIRS/case1_writing/runs/remaining19_p_less_style_dirs_20260723/strict_dirs_goal_supervisor_state.json",
  "status": "monitoring_running_prophet",
  "tick": 19
}
{
  "state": "/tf/notebooks/yunbo/DIRS/case1_writing/runs/remaining19_p_less_style_dirs_20260723/strict_dirs_goal_supervisor_state.json",
  "status": "monitoring_running_prophet",
  "tick": 20
}
{
  "state": "/tf/notebooks/yunbo/DIRS/case1_writing/runs/remaining19_p_less_style_dirs_20260723/strict_dirs_goal_supervisor_state.json",
  "status": "monitoring_running_prophet",
  "tick": 21
}
{
  "state": "/tf/notebooks/yunbo/DIRS/case1_writing/runs/remaining19_p_less_style_dirs_20260723/strict_dirs_goal_supervisor_state.json",
  "status": "monitoring_running_prophet",
  "tick": 22
}
{
  "state": "/tf/notebooks/yunbo/DIRS/case1_writing/runs/remaining19_p_less_style_dirs_20260723/strict_dirs_goal_supervisor_state.json",
  "status": "monitoring_running_prophet",
  "tick": 23
}
{
  "state": "/tf/notebooks/yunbo/DIRS/case1_writing/runs/remaining19_p_less_style_dirs_20260723/strict_dirs_goal_supervisor_state.json",
  "status": "monitoring_running_prophet",
  "tick": 24
}
{
  "state": "/tf/notebooks/yunbo/DIRS/case1_writing/runs/remaining19_p_less_style_dirs_20260723/strict_dirs_goal_supervisor_state.json",
  "status": "monitoring_running_prophet",
  "tick": 25
}
{
  "state": "/tf/notebooks/yunbo/DIRS/case1_writing/runs/remaining19_p_less_style_dirs_20260723/strict_dirs_goal_supervisor_state.json",
  "status": "monitoring_running_prophet",
  "tick": 26
}
{
  "state": "/tf/notebooks/yunbo/DIRS/case1_writing/runs/remaining19_p_less_style_dirs_20260723/strict_dirs_goal_supervisor_state.json",
  "status": "monitoring_running_prophet",
  "tick": 27
}
{
  "state": "/tf/notebooks/yunbo/DIRS/case1_writing/runs/remaining19_p_less_style_dirs_20260723/strict_dirs_goal_supervisor_state.json",
  "status": "monitoring_running_prophet",
  "tick": 28
}
{
  "state": "/tf/notebooks/yunbo/DIRS/case1_writing/runs/remaining19_p_less_style_dirs_20260723/strict_dirs_goal_supervisor_state.json",
  "status": "monitoring_running_prophet",
  "tick": 29
}
{
  "state": "/tf/notebooks/yunbo/DIRS/case1_writing/runs/remaining19_p_less_style_dirs_20260723/strict_dirs_goal_supervisor_state.json",
  "status": "goal_complete",
  "tick": 30
}
